// Jest Snapshot v1, https://goo.gl/fbAQLP

exports[`renders correctly 1`] = `
<div
  className="body2"
>
  <div
    className="summary"
  >
    I am a 
    <span
      className="highlight"
    >
      software engineer
    </span>
     with over
     
    <span
      className="highlight"
    >
      twenty
    </span>
     years development experience across bulge-bracket
     
    <span
      className="highlight"
    >
      investment banks
    </span>
     and
     
    <span
      className="highlight"
    >
      start-ups
    </span>
    . I am comfortable working across the
    <span
      className="highlight"
    >
       full stack
    </span>
     and also
     
    <span
      className="highlight"
    >
      leading
    </span>
     small to medium sized
     
    <span
      className="highlight"
    >
      high-performance 
    </span>
    development teams. I love taking 
    <span
      className="highlight"
    >
      ownership
    </span>
     of the entire product suite including representation to senior 
    <span
      className="highlight"
    >
      stakeholders
    </span>
    , and working directly with
    <span
      className="highlight"
    >
       entrepreneurs
    </span>
    .
  </div>
  <div
    className="summary"
  >
    If you like what you see, let's connect on LinkedIn.
  </div>
</div>
`;
