// Jest Snapshot v1, https://goo.gl/fbAQLP

exports[`renders correctly 1`] = `
<div
  className="body3"
>
  <div
    className="summary"
  >
    I am a 
    <span
      className="highlight"
    >
      software engineer
    </span>
     with over
     
    <span
      className="highlight"
    >
      twenty
    </span>
     years experience across
     
    <span
      className="highlight"
    >
      investment banking
    </span>
     and
     
    <span
      className="highlight"
    >
      start-ups
    </span>
    . I have worked on unique applications that have managed
     
    <span
      className="highlight"
    >
      trillions
    </span>
     of dollars of
     
    <span
      className="highlight"
    >
      capital
    </span>
    . I am highly experienced on the
     
    <span
      className="highlight"
    >
      front-end
    </span>
     and equally at home across the
     
    <span
      className="highlight"
    >
      full-stack
    </span>
     (including infrastructure). I enjoy team leading, contributing to 
    <span
      className="highlight"
    >
      high performance
    </span>
     development teams and taking
     
    <span
      className="highlight"
    >
      ownership
    </span>
     of the product suite including representation to senior
     
    <span
      className="highlight"
    >
      stakeholders
    </span>
     and working directly with
    <span
      className="highlight"
    >
       entrepreneurs
    </span>
    .
  </div>
  <div
    className="summary"
  >
    If you like what you see, let's 
    <a
      href="https://www.linkedin.com/in/ahmedimran/"
      onClick={[Function]}
      onMouseEnter={[Function]}
      target="_blank"
    >
      connect
    </a>
    .
  </div>
</div>
`;
